preset=l123 found=true drop={"gen":0,"gate":0,"kinds":0,"walls":0,"valid":0,"dup":0,"unsolvable":283,"noIce":309,"noChicken":57,"held":0,"finalFail":0,"range":0,"star":0}
{
 "id": 0,
 "name": "gen",
 "width": 6,
 "height": 6,
 "exit": {
  "side": "right",
  "index": 2
 },
 "pieces": [
  {
   "id": "T",
   "kind": "target",
   "x": 1,
   "y": 2,
   "len": 2,
   "dir": "h"
  },
  {
   "id": "A",
   "kind": "car",
   "x": 0,
   "y": 4,
   "len": 2,
   "dir": "v",
   "skin": 1
  },
  {
   "id": "B",
   "kind": "truck",
   "x": 5,
   "y": 3,
   "len": 3,
   "dir": "v",
   "skin": 1
  },
  {
   "id": "C",
   "kind": "truck",
   "x": 2,
   "y": 5,
   "len": 3,
   "dir": "h",
   "skin": 2
  },
  {
   "id": "D",
   "kind": "car",
   "x": 2,
   "y": 3,
   "len": 2,
   "dir": "v",
   "skin": 2
  },
  {
   "id": "E",
   "kind": "truck",
   "x": 3,
   "y": 2,
   "len": 3,
   "dir": "v",
   "skin": 2
  },
  {
   "id": "F",
   "kind": "car",
   "x": 2,
   "y": 1,
   "len": 2,
   "dir": "h",
   "skin": 2
  },
  {
   "id": "G",
   "kind": "car",
   "x": 0,
   "y": 3,
   "len": 2,
   "dir": "h",
   "skin": 1
  }
 ],
 "walls": [
  {
   "x": 2,
   "y": 0,
   "kind": "barrel"
  },
  {
   "x": 1,
   "y": 4,
   "kind": "hay"
  }
 ],
 "par": 16,
 "par2": 18,
 "difficulty": "hard",
 "mechanics": [
  "truck",
  "ice",
  "chickens"
 ],
 "ice": [
  {
   "x": 5,
   "y": 2
  }
 ],
 "chickens": [
  {
   "a": {
    "x": 1,
    "y": 0
   },
   "b": {
    "x": 0,
    "y": 0
   }
  }
 ],
 "role": "tutorial"
}
