preset=l120 found=true drop={"gen":10,"gate":0,"kinds":0,"walls":0,"valid":0,"dup":0,"unsolvable":2271,"noIce":1714,"noChicken":0,"held":0,"finalFail":0,"range":20,"star":0}
{
 "id": 0,
 "name": "gen",
 "width": 6,
 "height": 6,
 "exit": {
  "side": "right",
  "index": 2
 },
 "pieces": [
  {
   "id": "T",
   "kind": "target",
   "x": 0,
   "y": 2,
   "len": 2,
   "dir": "h"
  },
  {
   "id": "A",
   "kind": "tractor",
   "x": 2,
   "y": 4,
   "len": 3,
   "dir": "h",
   "skin": 0
  },
  {
   "id": "B",
   "kind": "car",
   "x": 1,
   "y": 0,
   "len": 2,
   "dir": "h",
   "skin": 0
  },
  {
   "id": "C",
   "kind": "car",
   "x": 2,
   "y": 5,
   "len": 2,
   "dir": "h",
   "skin": 2
  },
  {
   "id": "D",
   "kind": "car",
   "x": 1,
   "y": 4,
   "len": 2,
   "dir": "v",
   "skin": 2
  },
  {
   "id": "E",
   "kind": "truck",
   "x": 5,
   "y": 2,
   "len": 3,
   "dir": "v",
   "skin": 0
  },
  {
   "id": "F",
   "kind": "car",
   "x": 4,
   "y": 1,
   "len": 2,
   "dir": "v",
   "skin": 1
  },
  {
   "id": "G",
   "kind": "truck",
   "x": 2,
   "y": 1,
   "len": 3,
   "dir": "v",
   "skin": 2
  },
  {
   "id": "H",
   "kind": "car",
   "x": 0,
   "y": 3,
   "len": 2,
   "dir": "h",
   "skin": 1
  }
 ],
 "walls": [
  {
   "x": 0,
   "y": 1,
   "kind": "barrel"
  },
  {
   "x": 3,
   "y": 1,
   "kind": "barrel"
  }
 ],
 "star": {
  "x": 4,
  "y": 0
 },
 "par": 16,
 "par2": 18,
 "difficulty": "hard",
 "mechanics": [
  "tractor",
  "truck",
  "star",
  "ice"
 ],
 "ice": [
  {
   "x": 4,
   "y": 5
  },
  {
   "x": 3,
   "y": 3
  }
 ],
 "role": "tutorial"
}
