preset=l117 found=true drop={"gen":2,"gate":0,"kinds":0,"walls":0,"valid":0,"dup":0,"unsolvable":982,"noIce":1327,"noChicken":0,"held":0,"finalFail":0,"range":33,"star":0}
{
 "id": 0,
 "name": "gen",
 "width": 6,
 "height": 6,
 "exit": {
  "side": "right",
  "index": 2
 },
 "pieces": [
  {
   "id": "T",
   "kind": "target",
   "x": 0,
   "y": 2,
   "len": 2,
   "dir": "h"
  },
  {
   "id": "A",
   "kind": "car",
   "x": 2,
   "y": 2,
   "len": 2,
   "dir": "v",
   "skin": 2
  },
  {
   "id": "B",
   "kind": "car",
   "x": 1,
   "y": 4,
   "len": 2,
   "dir": "v",
   "skin": 2
  },
  {
   "id": "C",
   "kind": "car",
   "x": 3,
   "y": 4,
   "len": 2,
   "dir": "h",
   "skin": 2
  },
  {
   "id": "D",
   "kind": "truck",
   "x": 2,
   "y": 1,
   "len": 3,
   "dir": "h",
   "skin": 2
  },
  {
   "id": "E",
   "kind": "car",
   "x": 1,
   "y": 0,
   "len": 2,
   "dir": "h",
   "skin": 2
  },
  {
   "id": "F",
   "kind": "car",
   "x": 4,
   "y": 2,
   "len": 2,
   "dir": "v",
   "skin": 1
  },
  {
   "id": "G",
   "kind": "car",
   "x": 0,
   "y": 3,
   "len": 2,
   "dir": "h",
   "skin": 1
  },
  {
   "id": "H",
   "kind": "car",
   "x": 3,
   "y": 0,
   "len": 2,
   "dir": "h",
   "skin": 0
  },
  {
   "id": "I",
   "kind": "car",
   "x": 5,
   "y": 1,
   "len": 2,
   "dir": "v",
   "skin": 2
  }
 ],
 "walls": [],
 "par": 18,
 "par2": 20,
 "difficulty": "hard",
 "mechanics": [
  "truck",
  "ice"
 ],
 "ice": [
  {
   "x": 0,
   "y": 0
  },
  {
   "x": 5,
   "y": 4
  }
 ],
 "role": "tutorial"
}
