preset=l118 found=true drop={"gen":0,"gate":0,"kinds":0,"walls":0,"valid":0,"dup":0,"unsolvable":199,"noIce":0,"noChicken":270,"held":0,"finalFail":0,"range":0,"star":0}
{
 "id": 0,
 "name": "gen",
 "width": 6,
 "height": 6,
 "exit": {
  "side": "right",
  "index": 2
 },
 "pieces": [
  {
   "id": "T",
   "kind": "target",
   "x": 0,
   "y": 2,
   "len": 2,
   "dir": "h"
  },
  {
   "id": "A",
   "kind": "truck",
   "x": 2,
   "y": 0,
   "len": 3,
   "dir": "h",
   "skin": 2
  },
  {
   "id": "B",
   "kind": "car",
   "x": 1,
   "y": 3,
   "len": 2,
   "dir": "v",
   "skin": 1
  },
  {
   "id": "C",
   "kind": "truck",
   "x": 2,
   "y": 5,
   "len": 3,
   "dir": "h",
   "skin": 0
  },
  {
   "id": "D",
   "kind": "car",
   "x": 5,
   "y": 1,
   "len": 2,
   "dir": "v",
   "skin": 1
  },
  {
   "id": "E",
   "kind": "car",
   "x": 5,
   "y": 3,
   "len": 2,
   "dir": "v",
   "skin": 1
  },
  {
   "id": "F",
   "kind": "truck",
   "x": 3,
   "y": 1,
   "len": 3,
   "dir": "v",
   "skin": 0
  },
  {
   "id": "G",
   "kind": "truck",
   "x": 0,
   "y": 3,
   "len": 3,
   "dir": "v",
   "skin": 0
  },
  {
   "id": "H",
   "kind": "car",
   "x": 2,
   "y": 4,
   "len": 2,
   "dir": "h",
   "skin": 0
  }
 ],
 "walls": [],
 "par": 16,
 "par2": 18,
 "difficulty": "hard",
 "mechanics": [
  "truck",
  "chickens"
 ],
 "chickens": [
  {
   "a": {
    "x": 4,
    "y": 2
   },
   "b": {
    "x": 4,
    "y": 1
   }
  }
 ],
 "role": "tutorial"
}
