preset=l119 found=true drop={"gen":1,"gate":3,"kinds":0,"walls":0,"valid":0,"dup":0,"unsolvable":1441,"noIce":0,"noChicken":0,"held":0,"finalFail":1,"range":996,"star":0}
{
 "id": 0,
 "name": "gen",
 "width": 6,
 "height": 6,
 "exit": {
  "side": "right",
  "index": 2
 },
 "pieces": [
  {
   "id": "T",
   "kind": "target",
   "x": 1,
   "y": 2,
   "len": 2,
   "dir": "h"
  },
  {
   "id": "A",
   "kind": "truck",
   "x": 3,
   "y": 3,
   "len": 3,
   "dir": "v",
   "skin": 0
  },
  {
   "id": "B",
   "kind": "car",
   "x": 0,
   "y": 5,
   "len": 2,
   "dir": "h",
   "skin": 2
  },
  {
   "id": "C",
   "kind": "car",
   "x": 3,
   "y": 0,
   "len": 2,
   "dir": "h",
   "skin": 1
  },
  {
   "id": "D",
   "kind": "truck",
   "x": 4,
   "y": 1,
   "len": 3,
   "dir": "v",
   "skin": 2
  },
  {
   "id": "E",
   "kind": "truck",
   "x": 0,
   "y": 3,
   "len": 3,
   "dir": "h",
   "skin": 0
  },
  {
   "id": "F",
   "kind": "car",
   "x": 2,
   "y": 4,
   "len": 2,
   "dir": "v",
   "skin": 1
  },
  {
   "id": "G",
   "kind": "car",
   "x": 4,
   "y": 4,
   "len": 2,
   "dir": "h",
   "skin": 1
  },
  {
   "id": "H",
   "kind": "car",
   "x": 5,
   "y": 2,
   "len": 2,
   "dir": "v",
   "skin": 2
  },
  {
   "id": "I",
   "kind": "car",
   "x": 2,
   "y": 0,
   "len": 2,
   "dir": "v",
   "skin": 2
  }
 ],
 "walls": [
  {
   "x": 5,
   "y": 0,
   "kind": "hay"
  },
  {
   "x": 1,
   "y": 1,
   "kind": "hay"
  }
 ],
 "gateSwitch": {
  "x": 3,
  "y": 1,
  "holdType": "held"
 },
 "par": 18,
 "par2": 20,
 "difficulty": "hard",
 "mechanics": [
  "truck",
  "gate-switch"
 ],
 "role": "tutorial"
}
